2026-08-13T08:37:57.871+05:30  INFO 23264 --- [Bug Tracking System] [main] c.bugtracker.BugtrackerApplicationTests  : Starting BugtrackerApplicationTests using Java 21.0.12 with PID 23264 (started by lovely in D:\Users\Downloads\bugtracker\bugtracker)
2026-08-13T08:37:57.893+05:30 DEBUG 23264 --- [Bug Tracking System] [main] c.bugtracker.BugtrackerApplicationTests  : Running with Spring Boot v3.3.0, Spring v6.1.8
2026-08-13T08:37:57.894+05:30  INFO 23264 --- [Bug Tracking System] [main] c.bugtracker.BugtrackerApplicationTests  : The following 1 profile is active: "test"
2026-08-13T08:38:03.395+05:30  WARN 23264 --- [Bug Tracking System] [main] org.hibernate.orm.deprecation            : HHH90000025: H2Dialect does not need to be specified explicitly using 'hibernate.dialect' (remove the property setting and it will be selected by default)
2026-08-13T08:38:08.985+05:30  WARN 23264 --- [Bug Tracking System] [main] JpaBaseConfiguration$JpaWebConfiguration : spring.jpa.open-in-view is enabled by default. Therefore, database queries may be performed during view rendering. Explicitly configure spring.jpa.open-in-view to disable this warning
2026-08-13T08:38:09.063+05:30  WARN 23264 --- [Bug Tracking System] [main] o.s.w.c.s.GenericWebApplicationContext   : Exception encountered during context initialization - cancelling refresh attempt: org.springframework.beans.factory.UnsatisfiedDependencyException: Error creating bean with name 'org.springframework.security.config.annotation.web.configuration.WebSecurityConfiguration': Unsatisfied dependency expressed through field 'httpSecurity': Error creating bean with name 'org.springframework.security.config.annotation.web.configuration.HttpSecurityConfiguration.httpSecurity' defined in class path resource [org/springframework/security/config/annotation/web/configuration/HttpSecurityConfiguration.class]: Failed to instantiate [org.springframework.security.config.annotation.web.builders.HttpSecurity]: Factory method 'httpSecurity' threw exception with message: Error creating bean with name 'authenticationProvider' defined in class path resource [com/bugtracker/config/SecurityConfig.class]: Failed to instantiate [org.springframework.security.authentication.dao.DaoAuthenticationProvider]: Factory method 'authenticationProvider' threw exception with message: 'void org.springframework.security.authentication.dao.DaoAuthenticationProvider.<init>(org.springframework.security.core.userdetails.UserDetailsService)'
2026-08-13T08:38:09.390+05:30 ERROR 23264 --- [Bug Tracking System] [main] o.s.b.d.LoggingFailureAnalysisReporter   : 

***************************
APPLICATION FAILED TO START
***************************

Description:

An attempt was made to call a method that does not exist. The attempt was made from the following location:

    com.bugtracker.config.SecurityConfig.authenticationProvider(SecurityConfig.java:81)

The following method did not exist:

    'void org.springframework.security.authentication.dao.DaoAuthenticationProvider.<init>(org.springframework.security.core.userdetails.UserDetailsService)'

The calling method's class, com.bugtracker.config.SecurityConfig, was loaded from the following location:

    file:/D:/Users/Downloads/bugtracker/bugtracker/target/classes/com/bugtracker/config/SecurityConfig.class

The called method's class, org.springframework.security.authentication.dao.DaoAuthenticationProvider, is available from the following locations:

    jar:file:/C:/Users/lovely/.m2/repository/org/springframework/security/spring-security-core/6.3.0/spring-security-core-6.3.0.jar!/org/springframework/security/authentication/dao/DaoAuthenticationProvider.class

The called method's class hierarchy was loaded from the following locations:

    org.springframework.security.authentication.dao.DaoAuthenticationProvider: file:/C:/Users/lovely/.m2/repository/org/springframework/security/spring-security-core/6.3.0/spring-security-core-6.3.0.jar
    org.springframework.security.authentication.dao.AbstractUserDetailsAuthenticationProvider: file:/C:/Users/lovely/.m2/repository/org/springframework/security/spring-security-core/6.3.0/spring-security-core-6.3.0.jar


Action:

Correct the classpath of your application so that it contains compatible versions of the classes com.bugtracker.config.SecurityConfig and org.springframework.security.authentication.dao.DaoAuthenticationProvider

2026-08-13T08:38:09.429+05:30  WARN 23264 --- [Bug Tracking System] [main] o.s.test.context.TestContextManager      : Caught exception while allowing TestExecutionListener [org.springframework.test.context.web.ServletTestExecutionListener] to prepare test instance [com.bugtracker.BugtrackerApplicationTests@5166f042]

java.lang.IllegalStateException: Failed to load ApplicationContext for [WebMergedContextConfiguration@5d852761 testClass = com.bugtracker.BugtrackerApplicationTests, locations = [], classes = [com.bugtracker.BugtrackerApplication], contextInitializerClasses = [], activeProfiles = ["test"], propertySourceDescriptors = [PropertySourceDescriptor[locations=[classpath:application-test.properties], ignoreResourceNotFound=false, name=null, propertySourceFactory=null, encoding=null]], propertySourceProperties = ["org.springframework.boot.test.context.SpringBootTestContextBootstrapper=true"], contextCustomizers = [org.springframework.boot.test.context.filter.ExcludeFilterContextCustomizer@127a7a2e, org.springframework.boot.test.json.DuplicateJsonObjectContextCustomizerFactory$DuplicateJsonObjectContextCustomizer@6d7fc27, org.springframework.boot.test.mock.mockito.MockitoContextCustomizer@0, org.springframework.boot.test.web.client.TestRestTemplateContextCustomizer@5495333e, org.springframework.boot.test.autoconfigure.actuate.observability.ObservabilityContextCustomizerFactory$DisableObservabilityContextCustomizer@1f, org.springframework.boot.test.autoconfigure.properties.PropertyMappingContextCustomizer@0, org.springframework.boot.test.autoconfigure.web.servlet.WebDriverContextCustomizer@1a72a540, org.springframework.boot.test.context.SpringBootTestAnnotation@de387cc2], resourceBasePath = "src/main/webapp", contextLoader = org.springframework.boot.test.context.SpringBootContextLoader, parent = null]
	at org.springframework.test.context.cache.DefaultCacheAwareContextLoaderDelegate.loadContext(DefaultCacheAwareContextLoaderDelegate.java:180) ~[spring-test-6.1.8.jar:6.1.8]
	at org.springframework.test.context.support.DefaultTestContext.getApplicationContext(DefaultTestContext.java:130) ~[spring-test-6.1.8.jar:6.1.8]
	at org.springframework.test.context.web.ServletTestExecutionListener.setUpRequestContextIfNecessary(ServletTestExecutionListener.java:191) ~[spring-test-6.1.8.jar:6.1.8]
	at org.springframework.test.context.web.ServletTestExecutionListener.prepareTestInstance(ServletTestExecutionListener.java:130) ~[spring-test-6.1.8.jar:6.1.8]
	at org.springframework.test.context.TestContextManager.prepareTestInstance(TestContextManager.java:260) ~[spring-test-6.1.8.jar:6.1.8]
	at org.springframework.test.context.junit.jupiter.SpringExtension.postProcessTestInstance(SpringExtension.java:163) ~[spring-test-6.1.8.jar:6.1.8]
	at org.junit.jupiter.engine.descriptor.ClassBasedTestDescriptor.lambda$invokeTestInstancePostProcessors$10(ClassBasedTestDescriptor.java:378) ~[junit-jupiter-engine-5.10.2.jar:5.10.2]
	at org.junit.jupiter.engine.descriptor.ClassBasedTestDescriptor.executeAndMaskThrowable(ClassBasedTestDescriptor.java:383) ~[junit-jupiter-engine-5.10.2.jar:5.10.2]
	at org.junit.jupiter.engine.descriptor.ClassBasedTestDescriptor.lambda$invokeTestInstancePostProcessors$11(ClassBasedTestDescriptor.java:378) ~[junit-jupiter-engine-5.10.2.jar:5.10.2]
	at java.base/java.util.stream.ReferencePipeline$3$1.accept(ReferencePipeline.java:197) ~[na:na]
	at java.base/java.util.stream.ReferencePipeline$2$1.accept(ReferencePipeline.java:179) ~[na:na]
	at java.base/java.util.ArrayList$ArrayListSpliterator.forEachRemaining(ArrayList.java:1708) ~[na:na]
	at java.base/java.util.stream.AbstractPipeline.copyInto(AbstractPipeline.java:509) ~[na:na]
	at java.base/java.util.stream.AbstractPipeline.wrapAndCopyInto(AbstractPipeline.java:499) ~[na:na]
	at java.base/java.util.stream.StreamSpliterators$WrappingSpliterator.forEachRemaining(StreamSpliterators.java:310) ~[na:na]
	at java.base/java.util.stream.Streams$ConcatSpliterator.forEachRemaining(Streams.java:735) ~[na:na]
	at java.base/java.util.stream.Streams$ConcatSpliterator.forEachRemaining(Streams.java:734) ~[na:na]
	at java.base/java.util.stream.ReferencePipeline$Head.forEach(ReferencePipeline.java:762) ~[na:na]
	at org.junit.jupiter.engine.descriptor.ClassBasedTestDescriptor.invokeTestInstancePostProcessors(ClassBasedTestDescriptor.java:377) ~[junit-jupiter-engine-5.10.2.jar:5.10.2]
	at org.junit.jupiter.engine.descriptor.ClassBasedTestDescriptor.lambda$instantiateAndPostProcessTestInstance$6(ClassBasedTestDescriptor.java:290) ~[junit-jupiter-engine-5.10.2.jar:5.10.2]
	at org.junit.platform.engine.support.hierarchical.ThrowableCollector.execute(ThrowableCollector.java:73) ~[junit-platform-engine-1.10.2.jar:1.10.2]
	at org.junit.jupiter.engine.descriptor.ClassBasedTestDescriptor.instantiateAndPostProcessTestInstance(ClassBasedTestDescriptor.java:289) ~[junit-jupiter-engine-5.10.2.jar:5.10.2]
	at org.junit.jupiter.engine.descriptor.ClassBasedTestDescriptor.lambda$testInstancesProvider$4(ClassBasedTestDescriptor.java:279) ~[junit-jupiter-engine-5.10.2.jar:5.10.2]
	at java.base/java.util.Optional.orElseGet(Optional.java:364) ~[na:na]
	at org.junit.jupiter.engine.descriptor.ClassBasedTestDescriptor.lambda$testInstancesProvider$5(ClassBasedTestDescriptor.java:278) ~[junit-jupiter-engine-5.10.2.jar:5.10.2]
	at org.junit.jupiter.engine.execution.TestInstancesProvider.getTestInstances(TestInstancesProvider.java:31) ~[junit-jupiter-engine-5.10.2.jar:5.10.2]
	at org.junit.jupiter.engine.descriptor.TestMethodTestDescriptor.lambda$prepare$0(TestMethodTestDescriptor.java:106) ~[junit-jupiter-engine-5.10.2.jar:5.10.2]
	at org.junit.platform.engine.support.hierarchical.ThrowableCollector.execute(ThrowableCollector.java:73) ~[junit-platform-engine-1.10.2.jar:1.10.2]
	at org.junit.jupiter.engine.descriptor.TestMethodTestDescriptor.prepare(TestMethodTestDescriptor.java:105) ~[junit-jupiter-engine-5.10.2.jar:5.10.2]
	at org.junit.jupiter.engine.descriptor.TestMethodTestDescriptor.prepare(TestMethodTestDescriptor.java:69) ~[junit-jupiter-engine-5.10.2.jar:5.10.2]
	at org.junit.platform.engine.support.hierarchical.NodeTestTask.lambda$prepare$2(NodeTestTask.java:123) ~[junit-platform-engine-1.10.2.jar:1.10.2]
	at org.junit.platform.engine.support.hierarchical.ThrowableCollector.execute(ThrowableCollector.java:73) ~[junit-platform-engine-1.10.2.jar:1.10.2]
	at org.junit.platform.engine.support.hierarchical.NodeTestTask.prepare(NodeTestTask.java:123) ~[junit-platform-engine-1.10.2.jar:1.10.2]
	at org.junit.platform.engine.support.hierarchical.NodeTestTask.execute(NodeTestTask.java:90) ~[junit-platform-engine-1.10.2.jar:1.10.2]
	at java.base/java.util.ArrayList.forEach(ArrayList.java:1596) ~[na:na]
	at org.junit.platform.engine.support.hierarchical.SameThreadHierarchicalTestExecutorService.invokeAll(SameThreadHierarchicalTestExecutorService.java:41) ~[junit-platform-engine-1.10.2.jar:1.10.2]
	at org.junit.platform.engine.support.hierarchical.NodeTestTask.lambda$executeRecursively$6(NodeTestTask.java:155) ~[junit-platform-engine-1.10.2.jar:1.10.2]
	at org.junit.platform.engine.support.hierarchical.ThrowableCollector.execute(ThrowableCollector.java:73) ~[junit-platform-engine-1.10.2.jar:1.10.2]
	at org.junit.platform.engine.support.hierarchical.NodeTestTask.lambda$executeRecursively$8(NodeTestTask.java:141) ~[junit-platform-engine-1.10.2.jar:1.10.2]
	at org.junit.platform.engine.support.hierarchical.Node.around(Node.java:137) ~[junit-platform-engine-1.10.2.jar:1.10.2]
	at org.junit.platform.engine.support.hierarchical.NodeTestTask.lambda$executeRecursively$9(NodeTestTask.java:139) ~[junit-platform-engine-1.10.2.jar:1.10.2]
	at org.junit.platform.engine.support.hierarchical.ThrowableCollector.execute(ThrowableCollector.java:73) ~[junit-platform-engine-1.10.2.jar:1.10.2]
	at org.junit.platform.engine.support.hierarchical.NodeTestTask.executeRecursively(NodeTestTask.java:138) ~[junit-platform-engine-1.10.2.jar:1.10.2]
	at org.junit.platform.engine.support.hierarchical.NodeTestTask.execute(NodeTestTask.java:95) ~[junit-platform-engine-1.10.2.jar:1.10.2]
	at java.base/java.util.ArrayList.forEach(ArrayList.java:1596) ~[na:na]
	at org.junit.platform.engine.support.hierarchical.SameThreadHierarchicalTestExecutorService.invokeAll(SameThreadHierarchicalTestExecutorService.java:41) ~[junit-platform-engine-1.10.2.jar:1.10.2]
	at org.junit.platform.engine.support.hierarchical.NodeTestTask.lambda$executeRecursively$6(NodeTestTask.java:155) ~[junit-platform-engine-1.10.2.jar:1.10.2]
	at org.junit.platform.engine.support.hierarchical.ThrowableCollector.execute(ThrowableCollector.java:73) ~[junit-platform-engine-1.10.2.jar:1.10.2]
	at org.junit.platform.engine.support.hierarchical.NodeTestTask.lambda$executeRecursively$8(NodeTestTask.java:141) ~[junit-platform-engine-1.10.2.jar:1.10.2]
	at org.junit.platform.engine.support.hierarchical.Node.around(Node.java:137) ~[junit-platform-engine-1.10.2.jar:1.10.2]
	at org.junit.platform.engine.support.hierarchical.NodeTestTask.lambda$executeRecursively$9(NodeTestTask.java:139) ~[junit-platform-engine-1.10.2.jar:1.10.2]
	at org.junit.platform.engine.support.hierarchical.ThrowableCollector.execute(ThrowableCollector.java:73) ~[junit-platform-engine-1.10.2.jar:1.10.2]
	at org.junit.platform.engine.support.hierarchical.NodeTestTask.executeRecursively(NodeTestTask.java:138) ~[junit-platform-engine-1.10.2.jar:1.10.2]
	at org.junit.platform.engine.support.hierarchical.NodeTestTask.execute(NodeTestTask.java:95) ~[junit-platform-engine-1.10.2.jar:1.10.2]
	at org.junit.platform.engine.support.hierarchical.SameThreadHierarchicalTestExecutorService.submit(SameThreadHierarchicalTestExecutorService.java:35) ~[junit-platform-engine-1.10.2.jar:1.10.2]
	at org.junit.platform.engine.support.hierarchical.HierarchicalTestExecutor.execute(HierarchicalTestExecutor.java:57) ~[junit-platform-engine-1.10.2.jar:1.10.2]
	at org.junit.platform.engine.support.hierarchical.HierarchicalTestEngine.execute(HierarchicalTestEngine.java:54) ~[junit-platform-engine-1.10.2.jar:1.10.2]
	at org.junit.platform.launcher.core.EngineExecutionOrchestrator.execute(EngineExecutionOrchestrator.java:198) ~[junit-platform-launcher-1.10.2.jar:1.10.2]
	at org.junit.platform.launcher.core.EngineExecutionOrchestrator.execute(EngineExecutionOrchestrator.java:169) ~[junit-platform-launcher-1.10.2.jar:1.10.2]
	at org.junit.platform.launcher.core.EngineExecutionOrchestrator.execute(EngineExecutionOrchestrator.java:93) ~[junit-platform-launcher-1.10.2.jar:1.10.2]
	at org.junit.platform.launcher.core.EngineExecutionOrchestrator.lambda$execute$0(EngineExecutionOrchestrator.java:58) ~[junit-platform-launcher-1.10.2.jar:1.10.2]
	at org.junit.platform.launcher.core.EngineExecutionOrchestrator.withInterceptedStreams(EngineExecutionOrchestrator.java:141) ~[junit-platform-launcher-1.10.2.jar:1.10.2]
	at org.junit.platform.launcher.core.EngineExecutionOrchestrator.execute(EngineExecutionOrchestrator.java:57) ~[junit-platform-launcher-1.10.2.jar:1.10.2]
	at org.junit.platform.launcher.core.DefaultLauncher.execute(DefaultLauncher.java:103) ~[junit-platform-launcher-1.10.2.jar:1.10.2]
	at org.junit.platform.launcher.core.DefaultLauncher.execute(DefaultLauncher.java:85) ~[junit-platform-launcher-1.10.2.jar:1.10.2]
	at org.junit.platform.launcher.core.DelegatingLauncher.execute(DelegatingLauncher.java:47) ~[junit-platform-launcher-1.10.2.jar:1.10.2]
	at org.apache.maven.surefire.junitplatform.LazyLauncher.execute(LazyLauncher.java:56) ~[surefire-junit-platform-3.2.5.jar:3.2.5]
	at org.apache.maven.surefire.junitplatform.JUnitPlatformProvider.execute(JUnitPlatformProvider.java:184) ~[surefire-junit-platform-3.2.5.jar:3.2.5]
	at org.apache.maven.surefire.junitplatform.JUnitPlatformProvider.invokeAllTests(JUnitPlatformProvider.java:148) ~[surefire-junit-platform-3.2.5.jar:3.2.5]
	at org.apache.maven.surefire.junitplatform.JUnitPlatformProvider.invoke(JUnitPlatformProvider.java:122) ~[surefire-junit-platform-3.2.5.jar:3.2.5]
	at org.apache.maven.surefire.booter.ForkedBooter.runSuitesInProcess(ForkedBooter.java:385) ~[surefire-booter-3.2.5.jar:3.2.5]
	at org.apache.maven.surefire.booter.ForkedBooter.execute(ForkedBooter.java:162) ~[surefire-booter-3.2.5.jar:3.2.5]
	at org.apache.maven.surefire.booter.ForkedBooter.run(ForkedBooter.java:507) ~[surefire-booter-3.2.5.jar:3.2.5]
	at org.apache.maven.surefire.booter.ForkedBooter.main(ForkedBooter.java:495) ~[surefire-booter-3.2.5.jar:3.2.5]
Caused by: org.springframework.beans.factory.UnsatisfiedDependencyException: Error creating bean with name 'org.springframework.security.config.annotation.web.configuration.WebSecurityConfiguration': Unsatisfied dependency expressed through field 'httpSecurity': Error creating bean with name 'org.springframework.security.config.annotation.web.configuration.HttpSecurityConfiguration.httpSecurity' defined in class path resource [org/springframework/security/config/annotation/web/configuration/HttpSecurityConfiguration.class]: Failed to instantiate [org.springframework.security.config.annotation.web.builders.HttpSecurity]: Factory method 'httpSecurity' threw exception with message: Error creating bean with name 'authenticationProvider' defined in class path resource [com/bugtracker/config/SecurityConfig.class]: Failed to instantiate [org.springframework.security.authentication.dao.DaoAuthenticationProvider]: Factory method 'authenticationProvider' threw exception with message: 'void org.springframework.security.authentication.dao.DaoAuthenticationProvider.<init>(org.springframework.security.core.userdetails.UserDetailsService)'
	at org.springframework.beans.factory.annotation.AutowiredAnnotationBeanPostProcessor$AutowiredFieldElement.resolveFieldValue(AutowiredAnnotationBeanPostProcessor.java:787) ~[spring-beans-6.1.8.jar:6.1.8]
	at org.springframework.beans.factory.annotation.AutowiredAnnotationBeanPostProcessor$AutowiredFieldElement.inject(AutowiredAnnotationBeanPostProcessor.java:767) ~[spring-beans-6.1.8.jar:6.1.8]
	at org.springframework.beans.factory.annotation.InjectionMetadata.inject(InjectionMetadata.java:145) ~[spring-beans-6.1.8.jar:6.1.8]
	at org.springframework.beans.factory.annotation.AutowiredAnnotationBeanPostProcessor.postProcessProperties(AutowiredAnnotationBeanPostProcessor.java:508) ~[spring-beans-6.1.8.jar:6.1.8]
	at org.springframework.beans.factory.support.AbstractAutowireCapableBeanFactory.populateBean(AbstractAutowireCapableBeanFactory.java:1421) ~[spring-beans-6.1.8.jar:6.1.8]
	at org.springframework.beans.factory.support.AbstractAutowireCapableBeanFactory.doCreateBean(AbstractAutowireCapableBeanFactory.java:599) ~[spring-beans-6.1.8.jar:6.1.8]
	at org.springframework.beans.factory.support.AbstractAutowireCapableBeanFactory.createBean(AbstractAutowireCapableBeanFactory.java:522) ~[spring-beans-6.1.8.jar:6.1.8]
	at org.springframework.beans.factory.support.AbstractBeanFactory.lambda$doGetBean$0(AbstractBeanFactory.java:337) ~[spring-beans-6.1.8.jar:6.1.8]
	at org.springframework.beans.factory.support.DefaultSingletonBeanRegistry.getSingleton(DefaultSingletonBeanRegistry.java:234) ~[spring-beans-6.1.8.jar:6.1.8]
	at org.springframework.beans.factory.support.AbstractBeanFactory.doGetBean(AbstractBeanFactory.java:335) ~[spring-beans-6.1.8.jar:6.1.8]
	at org.springframework.beans.factory.support.AbstractBeanFactory.getBean(AbstractBeanFactory.java:200) ~[spring-beans-6.1.8.jar:6.1.8]
	at org.springframework.beans.factory.support.DefaultListableBeanFactory.preInstantiateSingletons(DefaultListableBeanFactory.java:975) ~[spring-beans-6.1.8.jar:6.1.8]
	at org.springframework.context.support.AbstractApplicationContext.finishBeanFactoryInitialization(AbstractApplicationContext.java:962) ~[spring-context-6.1.8.jar:6.1.8]
	at org.springframework.context.support.AbstractApplicationContext.refresh(AbstractApplicationContext.java:624) ~[spring-context-6.1.8.jar:6.1.8]
	at org.springframework.boot.SpringApplication.refresh(SpringApplication.java:754) ~[spring-boot-3.3.0.jar:3.3.0]
	at org.springframework.boot.SpringApplication.refreshContext(SpringApplication.java:456) ~[spring-boot-3.3.0.jar:3.3.0]
	at org.springframework.boot.SpringApplication.run(SpringApplication.java:335) ~[spring-boot-3.3.0.jar:3.3.0]
	at org.springframework.boot.test.context.SpringBootContextLoader.lambda$loadContext$3(SpringBootContextLoader.java:137) ~[spring-boot-test-3.3.0.jar:3.3.0]
	at org.springframework.util.function.ThrowingSupplier.get(ThrowingSupplier.java:58) ~[spring-core-6.1.8.jar:6.1.8]
	at org.springframework.util.function.ThrowingSupplier.get(ThrowingSupplier.java:46) ~[spring-core-6.1.8.jar:6.1.8]
	at org.springframework.boot.SpringApplication.withHook(SpringApplication.java:1463) ~[spring-boot-3.3.0.jar:3.3.0]
	at org.springframework.boot.test.context.SpringBootContextLoader$ContextLoaderHook.run(SpringBootContextLoader.java:553) ~[spring-boot-test-3.3.0.jar:3.3.0]
	at org.springframework.boot.test.context.SpringBootContextLoader.loadContext(SpringBootContextLoader.java:137) ~[spring-boot-test-3.3.0.jar:3.3.0]
	at org.springframework.boot.test.context.SpringBootContextLoader.loadContext(SpringBootContextLoader.java:108) ~[spring-boot-test-3.3.0.jar:3.3.0]
	at org.springframework.test.context.cache.DefaultCacheAwareContextLoaderDelegate.loadContextInternal(DefaultCacheAwareContextLoaderDelegate.java:225) ~[spring-test-6.1.8.jar:6.1.8]
	at org.springframework.test.context.cache.DefaultCacheAwareContextLoaderDelegate.loadContext(DefaultCacheAwareContextLoaderDelegate.java:152) ~[spring-test-6.1.8.jar:6.1.8]
	... 73 common frames omitted
Caused by: org.springframework.beans.factory.BeanCreationException: Error creating bean with name 'org.springframework.security.config.annotation.web.configuration.HttpSecurityConfiguration.httpSecurity' defined in class path resource [org/springframework/security/config/annotation/web/configuration/HttpSecurityConfiguration.class]: Failed to instantiate [org.springframework.security.config.annotation.web.builders.HttpSecurity]: Factory method 'httpSecurity' threw exception with message: Error creating bean with name 'authenticationProvider' defined in class path resource [com/bugtracker/config/SecurityConfig.class]: Failed to instantiate [org.springframework.security.authentication.dao.DaoAuthenticationProvider]: Factory method 'authenticationProvider' threw exception with message: 'void org.springframework.security.authentication.dao.DaoAuthenticationProvider.<init>(org.springframework.security.core.userdetails.UserDetailsService)'
	at org.springframework.beans.factory.support.ConstructorResolver.instantiate(ConstructorResolver.java:648) ~[spring-beans-6.1.8.jar:6.1.8]
	at org.springframework.beans.factory.support.ConstructorResolver.instantiateUsingFactoryMethod(ConstructorResolver.java:485) ~[spring-beans-6.1.8.jar:6.1.8]
	at org.springframework.beans.factory.support.AbstractAutowireCapableBeanFactory.instantiateUsingFactoryMethod(AbstractAutowireCapableBeanFactory.java:1337) ~[spring-beans-6.1.8.jar:6.1.8]
	at org.springframework.beans.factory.support.AbstractAutowireCapableBeanFactory.createBeanInstance(AbstractAutowireCapableBeanFactory.java:1167) ~[spring-beans-6.1.8.jar:6.1.8]
	at org.springframework.beans.factory.support.AbstractAutowireCapableBeanFactory.doCreateBean(AbstractAutowireCapableBeanFactory.java:562) ~[spring-beans-6.1.8.jar:6.1.8]
	at org.springframework.beans.factory.support.AbstractAutowireCapableBeanFactory.createBean(AbstractAutowireCapableBeanFactory.java:522) ~[spring-beans-6.1.8.jar:6.1.8]
	at org.springframework.beans.factory.support.AbstractBeanFactory.doGetBean(AbstractBeanFactory.java:355) ~[spring-beans-6.1.8.jar:6.1.8]
	at org.springframework.beans.factory.support.AbstractBeanFactory.getBean(AbstractBeanFactory.java:200) ~[spring-beans-6.1.8.jar:6.1.8]
	at org.springframework.beans.factory.config.DependencyDescriptor.resolveCandidate(DependencyDescriptor.java:254) ~[spring-beans-6.1.8.jar:6.1.8]
	at org.springframework.beans.factory.support.DefaultListableBeanFactory.doResolveDependency(DefaultListableBeanFactory.java:1443) ~[spring-beans-6.1.8.jar:6.1.8]
	at org.springframework.beans.factory.support.DefaultListableBeanFactory.resolveDependency(DefaultListableBeanFactory.java:1353) ~[spring-beans-6.1.8.jar:6.1.8]
	at org.springframework.beans.factory.annotation.AutowiredAnnotationBeanPostProcessor$AutowiredFieldElement.resolveFieldValue(AutowiredAnnotationBeanPostProcessor.java:784) ~[spring-beans-6.1.8.jar:6.1.8]
	... 98 common frames omitted
Caused by: org.springframework.beans.BeanInstantiationException: Failed to instantiate [org.springframework.security.config.annotation.web.builders.HttpSecurity]: Factory method 'httpSecurity' threw exception with message: Error creating bean with name 'authenticationProvider' defined in class path resource [com/bugtracker/config/SecurityConfig.class]: Failed to instantiate [org.springframework.security.authentication.dao.DaoAuthenticationProvider]: Factory method 'authenticationProvider' threw exception with message: 'void org.springframework.security.authentication.dao.DaoAuthenticationProvider.<init>(org.springframework.security.core.userdetails.UserDetailsService)'
	at org.springframework.beans.factory.support.SimpleInstantiationStrategy.instantiate(SimpleInstantiationStrategy.java:177) ~[spring-beans-6.1.8.jar:6.1.8]
	at org.springframework.beans.factory.support.ConstructorResolver.instantiate(ConstructorResolver.java:644) ~[spring-beans-6.1.8.jar:6.1.8]
	... 109 common frames omitted
Caused by: org.springframework.beans.factory.BeanCreationException: Error creating bean with name 'authenticationProvider' defined in class path resource [com/bugtracker/config/SecurityConfig.class]: Failed to instantiate [org.springframework.security.authentication.dao.DaoAuthenticationProvider]: Factory method 'authenticationProvider' threw exception with message: 'void org.springframework.security.authentication.dao.DaoAuthenticationProvider.<init>(org.springframework.security.core.userdetails.UserDetailsService)'
	at org.springframework.beans.factory.support.ConstructorResolver.instantiate(ConstructorResolver.java:648) ~[spring-beans-6.1.8.jar:6.1.8]
	at org.springframework.beans.factory.support.ConstructorResolver.instantiateUsingFactoryMethod(ConstructorResolver.java:636) ~[spring-beans-6.1.8.jar:6.1.8]
	at org.springframework.beans.factory.support.AbstractAutowireCapableBeanFactory.instantiateUsingFactoryMethod(AbstractAutowireCapableBeanFactory.java:1337) ~[spring-beans-6.1.8.jar:6.1.8]
	at org.springframework.beans.factory.support.AbstractAutowireCapableBeanFactory.createBeanInstance(AbstractAutowireCapableBeanFactory.java:1167) ~[spring-beans-6.1.8.jar:6.1.8]
	at org.springframework.beans.factory.support.AbstractAutowireCapableBeanFactory.doCreateBean(AbstractAutowireCapableBeanFactory.java:562) ~[spring-beans-6.1.8.jar:6.1.8]
	at org.springframework.beans.factory.support.AbstractAutowireCapableBeanFactory.createBean(AbstractAutowireCapableBeanFactory.java:522) ~[spring-beans-6.1.8.jar:6.1.8]
	at org.springframework.beans.factory.support.AbstractBeanFactory.lambda$doGetBean$0(AbstractBeanFactory.java:337) ~[spring-beans-6.1.8.jar:6.1.8]
	at org.springframework.beans.factory.support.DefaultSingletonBeanRegistry.getSingleton(DefaultSingletonBeanRegistry.java:234) ~[spring-beans-6.1.8.jar:6.1.8]
	at org.springframework.beans.factory.support.AbstractBeanFactory.doGetBean(AbstractBeanFactory.java:335) ~[spring-beans-6.1.8.jar:6.1.8]
	at org.springframework.beans.factory.support.AbstractBeanFactory.getBean(AbstractBeanFactory.java:205) ~[spring-beans-6.1.8.jar:6.1.8]
	at org.springframework.context.support.AbstractApplicationContext.getBean(AbstractApplicationContext.java:1240) ~[spring-context-6.1.8.jar:6.1.8]
	at org.springframework.security.config.annotation.authentication.configuration.InitializeAuthenticationProviderBeanManagerConfigurer$InitializeAuthenticationProviderManagerConfigurer.getBeansWithName(InitializeAuthenticationProviderBeanManagerConfigurer.java:110) ~[spring-security-config-6.3.0.jar:6.3.0]
	at org.springframework.security.config.annotation.authentication.configuration.InitializeAuthenticationProviderBeanManagerConfigurer$InitializeAuthenticationProviderManagerConfigurer.configure(InitializeAuthenticationProviderBeanManagerConfigurer.java:66) ~[spring-security-config-6.3.0.jar:6.3.0]
	at org.springframework.security.config.annotation.authentication.configuration.InitializeAuthenticationProviderBeanManagerConfigurer$InitializeAuthenticationProviderManagerConfigurer.configure(InitializeAuthenticationProviderBeanManagerConfigurer.java:57) ~[spring-security-config-6.3.0.jar:6.3.0]
	at org.springframework.security.config.annotation.AbstractConfiguredSecurityBuilder.configure(AbstractConfiguredSecurityBuilder.java:376) ~[spring-security-config-6.3.0.jar:6.3.0]
	at org.springframework.security.config.annotation.AbstractConfiguredSecurityBuilder.doBuild(AbstractConfiguredSecurityBuilder.java:330) ~[spring-security-config-6.3.0.jar:6.3.0]
	at org.springframework.security.config.annotation.AbstractSecurityBuilder.build(AbstractSecurityBuilder.java:38) ~[spring-security-config-6.3.0.jar:6.3.0]
	at org.springframework.security.config.annotation.authentication.configuration.AuthenticationConfiguration.getAuthenticationManager(AuthenticationConfiguration.java:121) ~[spring-security-config-6.3.0.jar:6.3.0]
	at org.springframework.security.config.annotation.web.configuration.HttpSecurityConfiguration.authenticationManager(HttpSecurityConfiguration.java:141) ~[spring-security-config-6.3.0.jar:6.3.0]
	at org.springframework.security.config.annotation.web.configuration.HttpSecurityConfiguration.httpSecurity(HttpSecurityConfiguration.java:109) ~[spring-security-config-6.3.0.jar:6.3.0]
	at java.base/jdk.internal.reflect.DirectMethodHandleAccessor.invoke(DirectMethodHandleAccessor.java:103) ~[na:na]
	at java.base/java.lang.reflect.Method.invoke(Method.java:580) ~[na:na]
	at org.springframework.beans.factory.support.SimpleInstantiationStrategy.instantiate(SimpleInstantiationStrategy.java:140) ~[spring-beans-6.1.8.jar:6.1.8]
	... 110 common frames omitted
Caused by: org.springframework.beans.BeanInstantiationException: Failed to instantiate [org.springframework.security.authentication.dao.DaoAuthenticationProvider]: Factory method 'authenticationProvider' threw exception with message: 'void org.springframework.security.authentication.dao.DaoAuthenticationProvider.<init>(org.springframework.security.core.userdetails.UserDetailsService)'
	at org.springframework.beans.factory.support.SimpleInstantiationStrategy.instantiate(SimpleInstantiationStrategy.java:177) ~[spring-beans-6.1.8.jar:6.1.8]
	at org.springframework.beans.factory.support.ConstructorResolver.instantiate(ConstructorResolver.java:644) ~[spring-beans-6.1.8.jar:6.1.8]
	... 132 common frames omitted
Caused by: java.lang.NoSuchMethodError: 'void org.springframework.security.authentication.dao.DaoAuthenticationProvider.<init>(org.springframework.security.core.userdetails.UserDetailsService)'
	at com.bugtracker.config.SecurityConfig.authenticationProvider(SecurityConfig.java:81) ~[classes/:na]
	at com.bugtracker.config.SecurityConfig$$SpringCGLIB$$0.CGLIB$authenticationProvider$3(<generated>) ~[classes/:na]
	at com.bugtracker.config.SecurityConfig$$SpringCGLIB$$FastClass$$1.invoke(<generated>) ~[classes/:na]
	at org.springframework.cglib.proxy.MethodProxy.invokeSuper(MethodProxy.java:258) ~[spring-core-6.1.8.jar:6.1.8]
	at org.springframework.context.annotation.ConfigurationClassEnhancer$BeanMethodInterceptor.intercept(ConfigurationClassEnhancer.java:339) ~[spring-context-6.1.8.jar:6.1.8]
	at com.bugtracker.config.SecurityConfig$$SpringCGLIB$$0.authenticationProvider(<generated>) ~[classes/:na]
	at java.base/jdk.internal.reflect.DirectMethodHandleAccessor.invoke(DirectMethodHandleAccessor.java:103) ~[na:na]
	at java.base/java.lang.reflect.Method.invoke(Method.java:580) ~[na:na]
	at org.springframework.beans.factory.support.SimpleInstantiationStrategy.instantiate(SimpleInstantiationStrategy.java:140) ~[spring-beans-6.1.8.jar:6.1.8]
	... 133 common frames omitted

2026-08-13T08:38:11.060+05:30  INFO 23264 --- [Bug Tracking System] [main] c.b.controller.AuthControllerTest        : Starting AuthControllerTest using Java 21.0.12 with PID 23264 (started by lovely in D:\Users\Downloads\bugtracker\bugtracker)
2026-08-13T08:38:11.060+05:30 DEBUG 23264 --- [Bug Tracking System] [main] c.b.controller.AuthControllerTest        : Running with Spring Boot v3.3.0, Spring v6.1.8
2026-08-13T08:38:11.061+05:30  INFO 23264 --- [Bug Tracking System] [main] c.b.controller.AuthControllerTest        : The following 1 profile is active: "test"
2026-08-13T08:38:14.226+05:30  WARN 23264 --- [Bug Tracking System] [main] .s.s.UserDetailsServiceAutoConfiguration : 

Using generated security password: 926184e3-ddaf-4a86-a850-576c84bee7a0

This generated password is for development use only. Your security configuration must be updated before running your application in production.

2026-08-13T08:38:14.236+05:30  WARN 23264 --- [Bug Tracking System] [main] r$InitializeUserDetailsManagerConfigurer : Found 2 UserDetailsService beans, with names [inMemoryUserDetailsManager, com.bugtracker.service.UserService#0]. Global Authentication Manager will not use a UserDetailsService for username/password login. Consider publishing a single UserDetailsService bean.
2026-08-13T08:38:14.766+05:30  INFO 23264 --- [Bug Tracking System] [main] c.b.controller.AuthControllerTest        : Started AuthControllerTest in 3.819 seconds (process running for 20.658)
2026-08-13T08:38:16.975+05:30  INFO 23264 --- [Bug Tracking System] [main] c.b.controller.BugControllerTest         : Starting BugControllerTest using Java 21.0.12 with PID 23264 (started by lovely in D:\Users\Downloads\bugtracker\bugtracker)
2026-08-13T08:38:16.976+05:30 DEBUG 23264 --- [Bug Tracking System] [main] c.b.controller.BugControllerTest         : Running with Spring Boot v3.3.0, Spring v6.1.8
2026-08-13T08:38:16.976+05:30  INFO 23264 --- [Bug Tracking System] [main] c.b.controller.BugControllerTest         : The following 1 profile is active: "test"
2026-08-13T08:38:19.556+05:30  WARN 23264 --- [Bug Tracking System] [main] .s.s.UserDetailsServiceAutoConfiguration : 

Using generated security password: a639286a-06ec-489a-ae90-ad63bd8c762c

This generated password is for development use only. Your security configuration must be updated before running your application in production.

2026-08-13T08:38:19.558+05:30  WARN 23264 --- [Bug Tracking System] [main] r$InitializeUserDetailsManagerConfigurer : Found 2 UserDetailsService beans, with names [inMemoryUserDetailsManager, com.bugtracker.service.UserService#0]. Global Authentication Manager will not use a UserDetailsService for username/password login. Consider publishing a single UserDetailsService bean.
2026-08-13T08:38:19.611+05:30  INFO 23264 --- [Bug Tracking System] [main] c.b.controller.BugControllerTest         : Started BugControllerTest in 2.71 seconds (process running for 25.502)
2026-08-13T08:38:21.880+05:30  INFO 23264 --- [Bug Tracking System] [main] c.b.repository.BugRepositoryTest         : Starting BugRepositoryTest using Java 21.0.12 with PID 23264 (started by lovely in D:\Users\Downloads\bugtracker\bugtracker)
2026-08-13T08:38:21.881+05:30 DEBUG 23264 --- [Bug Tracking System] [main] c.b.repository.BugRepositoryTest         : Running with Spring Boot v3.3.0, Spring v6.1.8
2026-08-13T08:38:21.881+05:30  INFO 23264 --- [Bug Tracking System] [main] c.b.repository.BugRepositoryTest         : The following 1 profile is active: "test"
2026-08-13T08:38:24.395+05:30  WARN 23264 --- [Bug Tracking System] [main] org.hibernate.orm.deprecation            : HHH90000025: H2Dialect does not need to be specified explicitly using 'hibernate.dialect' (remove the property setting and it will be selected by default)
2026-08-13T08:38:26.623+05:30  INFO 23264 --- [Bug Tracking System] [main] c.b.repository.BugRepositoryTest         : Started BugRepositoryTest in 4.8 seconds (process running for 32.514)
2026-08-13T08:38:30.124+05:30  WARN 23264 --- [Bug Tracking System] [main] o.h.engine.jdbc.spi.SqlExceptionHelper   : SQL Error: 23505, SQLState: 23505
2026-08-13T08:38:30.124+05:30 ERROR 23264 --- [Bug Tracking System] [main] o.h.engine.jdbc.spi.SqlExceptionHelper   : Unique index or primary key violation: "PUBLIC.CONSTRAINT_INDEX_4D ON PUBLIC.USERS(USERNAME NULLS FIRST) VALUES ( /* 9 */ 'alice' )"; SQL statement:
insert into users (created_at,email,enabled,full_name,password,username,id) values (?,?,?,?,?,?,default) [23505-224]
2026-08-13T08:38:31.829+05:30  INFO 23264 --- [Bug Tracking System] [main] com.bugtracker.service.BugService        : Bug #100 assigned to user ID null by 'testdev'
2026-08-13T08:38:31.892+05:30  INFO 23264 --- [Bug Tracking System] [main] com.bugtracker.service.BugService        : Bug #100 assigned to user ID 2 by 'testdev'
2026-08-13T08:38:31.927+05:30  INFO 23264 --- [Bug Tracking System] [main] com.bugtracker.service.BugService        : Bug #100 status change: NEW → IN_PROGRESS by 'testdev'
2026-08-13T08:38:31.949+05:30  WARN 23264 --- [Bug Tracking System] [main] com.bugtracker.service.BugService        : Bug #999 being deleted by 'testdev'
2026-08-13T08:38:31.963+05:30  INFO 23264 --- [Bug Tracking System] [main] com.bugtracker.service.BugService        : Bug #100 status change: NEW → RESOLVED by 'testdev'
2026-08-13T08:38:31.992+05:30  INFO 23264 --- [Bug Tracking System] [main] com.bugtracker.service.BugService        : Bug #101 created successfully
2026-08-13T08:38:32.004+05:30  WARN 23264 --- [Bug Tracking System] [main] com.bugtracker.service.BugService        : Bug #100 being deleted by 'testdev'
2026-08-13T08:38:32.030+05:30  INFO 23264 --- [Bug Tracking System] [main] com.bugtracker.service.BugService        : Bug #100 status change: NEW → RESOLVED by 'testdev'
2026-08-13T09:05:28.067+05:30  INFO 22472 --- [Bug Tracking System] [main] c.bugtracker.BugtrackerApplicationTests  : Starting BugtrackerApplicationTests using Java 21.0.12 with PID 22472 (started by lovely in D:\Users\Downloads\bugtracker\bugtracker)
2026-08-13T09:05:28.069+05:30  INFO 22472 --- [Bug Tracking System] [main] c.bugtracker.BugtrackerApplicationTests  : The following 1 profile is active: "test"
2026-08-13T09:05:36.134+05:30  WARN 22472 --- [Bug Tracking System] [main] org.hibernate.orm.deprecation            : HHH90000025: H2Dialect does not need to be specified explicitly using 'hibernate.dialect' (remove the property setting and it will be selected by default)
2026-08-13T09:05:41.216+05:30  WARN 22472 --- [Bug Tracking System] [main] JpaBaseConfiguration$JpaWebConfiguration : spring.jpa.open-in-view is enabled by default. Therefore, database queries may be performed during view rendering. Explicitly configure spring.jpa.open-in-view to disable this warning
2026-08-13T09:05:41.332+05:30  WARN 22472 --- [Bug Tracking System] [main] r$InitializeUserDetailsManagerConfigurer : Global AuthenticationManager configured with an AuthenticationProvider bean. UserDetailsService beans will not be used for username/password login. Consider removing the AuthenticationProvider bean. Alternatively, consider using the UserDetailsService in a manually instantiated DaoAuthenticationProvider.
2026-08-13T09:05:43.335+05:30  INFO 22472 --- [Bug Tracking System] [main] c.bugtracker.BugtrackerApplicationTests  : Started BugtrackerApplicationTests in 15.944 seconds (process running for 20.274)
2026-08-13T09:05:43.662+05:30  INFO 22472 --- [Bug Tracking System] [main] c.b.controller.AuthControllerTest        : Starting AuthControllerTest using Java 21.0.12 with PID 22472 (started by lovely in D:\Users\Downloads\bugtracker\bugtracker)
2026-08-13T09:05:43.663+05:30  INFO 22472 --- [Bug Tracking System] [main] c.b.controller.AuthControllerTest        : The following 1 profile is active: "test"
2026-08-13T09:05:44.783+05:30  WARN 22472 --- [Bug Tracking System] [main] .s.s.UserDetailsServiceAutoConfiguration : 

Using generated security password: 1d99d53b-6514-47f8-8c98-15becc2722a6

This generated password is for development use only. Your security configuration must be updated before running your application in production.

2026-08-13T09:05:44.793+05:30  WARN 22472 --- [Bug Tracking System] [main] r$InitializeUserDetailsManagerConfigurer : Found 2 UserDetailsService beans, with names [inMemoryUserDetailsManager, com.bugtracker.service.UserService#0]. Global Authentication Manager will not use a UserDetailsService for username/password login. Consider publishing a single UserDetailsService bean.
2026-08-13T09:05:44.934+05:30  INFO 22472 --- [Bug Tracking System] [main] c.b.controller.AuthControllerTest        : Started AuthControllerTest in 1.394 seconds (process running for 21.872)
2026-08-13T09:05:46.586+05:30  INFO 22472 --- [Bug Tracking System] [main] c.b.controller.BugControllerTest         : Starting BugControllerTest using Java 21.0.12 with PID 22472 (started by lovely in D:\Users\Downloads\bugtracker\bugtracker)
2026-08-13T09:05:46.587+05:30  INFO 22472 --- [Bug Tracking System] [main] c.b.controller.BugControllerTest         : The following 1 profile is active: "test"
2026-08-13T09:05:47.838+05:30  WARN 22472 --- [Bug Tracking System] [main] .s.s.UserDetailsServiceAutoConfiguration : 

Using generated security password: c5f6766d-ea1b-400c-811f-6d9b1b50ccd4

This generated password is for development use only. Your security configuration must be updated before running your application in production.

2026-08-13T09:05:47.839+05:30  WARN 22472 --- [Bug Tracking System] [main] r$InitializeUserDetailsManagerConfigurer : Found 2 UserDetailsService beans, with names [inMemoryUserDetailsManager, com.bugtracker.service.UserService#0]. Global Authentication Manager will not use a UserDetailsService for username/password login. Consider publishing a single UserDetailsService bean.
2026-08-13T09:05:47.885+05:30  INFO 22472 --- [Bug Tracking System] [main] c.b.controller.BugControllerTest         : Started BugControllerTest in 1.356 seconds (process running for 24.823)
2026-08-13T09:05:49.792+05:30  INFO 22472 --- [Bug Tracking System] [main] c.b.repository.BugRepositoryTest         : Starting BugRepositoryTest using Java 21.0.12 with PID 22472 (started by lovely in D:\Users\Downloads\bugtracker\bugtracker)
2026-08-13T09:05:49.792+05:30  INFO 22472 --- [Bug Tracking System] [main] c.b.repository.BugRepositoryTest         : The following 1 profile is active: "test"
2026-08-13T09:05:50.485+05:30  WARN 22472 --- [Bug Tracking System] [main] org.hibernate.orm.deprecation            : HHH90000025: H2Dialect does not need to be specified explicitly using 'hibernate.dialect' (remove the property setting and it will be selected by default)
2026-08-13T09:05:51.258+05:30  INFO 22472 --- [Bug Tracking System] [main] c.b.repository.BugRepositoryTest         : Started BugRepositoryTest in 1.629 seconds (process running for 28.196)
2026-08-13T09:05:52.632+05:30  WARN 22472 --- [Bug Tracking System] [main] o.h.engine.jdbc.spi.SqlExceptionHelper   : SQL Error: 23505, SQLState: 23505
2026-08-13T09:05:52.632+05:30 ERROR 22472 --- [Bug Tracking System] [main] o.h.engine.jdbc.spi.SqlExceptionHelper   : Unique index or primary key violation: "PUBLIC.CONSTRAINT_INDEX_4D ON PUBLIC.USERS(USERNAME NULLS FIRST) VALUES ( /* 9 */ 'alice' )"; SQL statement:
insert into users (created_at,email,enabled,full_name,password,username,id) values (?,?,?,?,?,?,default) [23505-224]
2026-08-13T09:05:53.437+05:30  INFO 22472 --- [Bug Tracking System] [main] com.bugtracker.service.BugService        : Bug #100 assigned to user ID null by 'testdev'
2026-08-13T09:05:53.478+05:30  INFO 22472 --- [Bug Tracking System] [main] com.bugtracker.service.BugService        : Bug #100 assigned to user ID 2 by 'testdev'
2026-08-13T09:05:53.486+05:30  INFO 22472 --- [Bug Tracking System] [main] com.bugtracker.service.BugService        : Bug #100 status change: NEW → IN_PROGRESS by 'testdev'
2026-08-13T09:05:53.500+05:30  WARN 22472 --- [Bug Tracking System] [main] com.bugtracker.service.BugService        : Bug #999 being deleted by 'testdev'
2026-08-13T09:05:53.528+05:30  INFO 22472 --- [Bug Tracking System] [main] com.bugtracker.service.BugService        : Bug #100 status change: NEW → RESOLVED by 'testdev'
2026-08-13T09:05:53.544+05:30  INFO 22472 --- [Bug Tracking System] [main] com.bugtracker.service.BugService        : Bug #101 created successfully
2026-08-13T09:05:53.552+05:30  WARN 22472 --- [Bug Tracking System] [main] com.bugtracker.service.BugService        : Bug #100 being deleted by 'testdev'
2026-08-13T09:05:53.662+05:30  INFO 22472 --- [Bug Tracking System] [main] com.bugtracker.service.BugService        : Bug #100 status change: NEW → RESOLVED by 'testdev'
2026-08-13T09:11:13.089+05:30  INFO 1776 --- [Bug Tracking System] [main] c.bugtracker.BugtrackerApplicationTests  : Starting BugtrackerApplicationTests using Java 21.0.12 with PID 1776 (started by lovely in D:\Users\Downloads\bugtracker\bugtracker)
2026-08-13T09:11:13.092+05:30  INFO 1776 --- [Bug Tracking System] [main] c.bugtracker.BugtrackerApplicationTests  : The following 1 profile is active: "test"
2026-08-13T09:11:18.487+05:30  WARN 1776 --- [Bug Tracking System] [main] org.hibernate.orm.deprecation            : HHH90000025: H2Dialect does not need to be specified explicitly using 'hibernate.dialect' (remove the property setting and it will be selected by default)
2026-08-13T09:11:22.445+05:30  WARN 1776 --- [Bug Tracking System] [main] JpaBaseConfiguration$JpaWebConfiguration : spring.jpa.open-in-view is enabled by default. Therefore, database queries may be performed during view rendering. Explicitly configure spring.jpa.open-in-view to disable this warning
2026-08-13T09:11:22.526+05:30  WARN 1776 --- [Bug Tracking System] [main] r$InitializeUserDetailsManagerConfigurer : Global AuthenticationManager configured with an AuthenticationProvider bean. UserDetailsService beans will not be used for username/password login. Consider removing the AuthenticationProvider bean. Alternatively, consider using the UserDetailsService in a manually instantiated DaoAuthenticationProvider.
2026-08-13T09:11:23.976+05:30  INFO 1776 --- [Bug Tracking System] [main] c.bugtracker.BugtrackerApplicationTests  : Started BugtrackerApplicationTests in 11.419 seconds (process running for 13.372)
2026-08-13T09:11:24.204+05:30  INFO 1776 --- [Bug Tracking System] [main] c.b.controller.AuthControllerTest        : Starting AuthControllerTest using Java 21.0.12 with PID 1776 (started by lovely in D:\Users\Downloads\bugtracker\bugtracker)
2026-08-13T09:11:24.205+05:30  INFO 1776 --- [Bug Tracking System] [main] c.b.controller.AuthControllerTest        : The following 1 profile is active: "test"
2026-08-13T09:11:25.105+05:30  WARN 1776 --- [Bug Tracking System] [main] .s.s.UserDetailsServiceAutoConfiguration : 

Using generated security password: fdad1d3b-110c-422c-8cbd-d7467f7d3ac9

This generated password is for development use only. Your security configuration must be updated before running your application in production.

2026-08-13T09:11:25.111+05:30  WARN 1776 --- [Bug Tracking System] [main] r$InitializeUserDetailsManagerConfigurer : Found 2 UserDetailsService beans, with names [inMemoryUserDetailsManager, com.bugtracker.service.UserService#0]. Global Authentication Manager will not use a UserDetailsService for username/password login. Consider publishing a single UserDetailsService bean.
2026-08-13T09:11:25.238+05:30  INFO 1776 --- [Bug Tracking System] [main] c.b.controller.AuthControllerTest        : Started AuthControllerTest in 1.081 seconds (process running for 14.635)
2026-08-13T09:11:26.542+05:30  INFO 1776 --- [Bug Tracking System] [main] c.b.controller.BugControllerTest         : Starting BugControllerTest using Java 21.0.12 with PID 1776 (started by lovely in D:\Users\Downloads\bugtracker\bugtracker)
2026-08-13T09:11:26.542+05:30  INFO 1776 --- [Bug Tracking System] [main] c.b.controller.BugControllerTest         : The following 1 profile is active: "test"
2026-08-13T09:11:27.326+05:30  WARN 1776 --- [Bug Tracking System] [main] .s.s.UserDetailsServiceAutoConfiguration : 

Using generated security password: 7724919b-230d-43a2-80c5-b009836d1522

This generated password is for development use only. Your security configuration must be updated before running your application in production.

2026-08-13T09:11:27.327+05:30  WARN 1776 --- [Bug Tracking System] [main] r$InitializeUserDetailsManagerConfigurer : Found 2 UserDetailsService beans, with names [inMemoryUserDetailsManager, com.bugtracker.service.UserService#0]. Global Authentication Manager will not use a UserDetailsService for username/password login. Consider publishing a single UserDetailsService bean.
2026-08-13T09:11:27.360+05:30  INFO 1776 --- [Bug Tracking System] [main] c.b.controller.BugControllerTest         : Started BugControllerTest in 0.858 seconds (process running for 16.756)
2026-08-13T09:11:28.334+05:30  INFO 1776 --- [Bug Tracking System] [main] c.b.repository.BugRepositoryTest         : Starting BugRepositoryTest using Java 21.0.12 with PID 1776 (started by lovely in D:\Users\Downloads\bugtracker\bugtracker)
2026-08-13T09:11:28.335+05:30  INFO 1776 --- [Bug Tracking System] [main] c.b.repository.BugRepositoryTest         : The following 1 profile is active: "test"
2026-08-13T09:11:28.818+05:30  WARN 1776 --- [Bug Tracking System] [main] org.hibernate.orm.deprecation            : HHH90000025: H2Dialect does not need to be specified explicitly using 'hibernate.dialect' (remove the property setting and it will be selected by default)
2026-08-13T09:11:29.340+05:30  INFO 1776 --- [Bug Tracking System] [main] c.b.repository.BugRepositoryTest         : Started BugRepositoryTest in 1.041 seconds (process running for 18.736)
2026-08-13T09:11:30.262+05:30  WARN 1776 --- [Bug Tracking System] [main] o.h.engine.jdbc.spi.SqlExceptionHelper   : SQL Error: 23505, SQLState: 23505
2026-08-13T09:11:30.262+05:30 ERROR 1776 --- [Bug Tracking System] [main] o.h.engine.jdbc.spi.SqlExceptionHelper   : Unique index or primary key violation: "PUBLIC.CONSTRAINT_INDEX_4D ON PUBLIC.USERS(USERNAME NULLS FIRST) VALUES ( /* 9 */ 'alice' )"; SQL statement:
insert into users (created_at,email,enabled,full_name,password,username,id) values (?,?,?,?,?,?,default) [23505-224]
2026-08-13T09:11:30.981+05:30  INFO 1776 --- [Bug Tracking System] [main] com.bugtracker.service.BugService        : Bug #100 assigned to user ID null by 'testdev'
2026-08-13T09:11:31.001+05:30  INFO 1776 --- [Bug Tracking System] [main] com.bugtracker.service.BugService        : Bug #100 assigned to user ID 2 by 'testdev'
2026-08-13T09:11:31.010+05:30  INFO 1776 --- [Bug Tracking System] [main] com.bugtracker.service.BugService        : Bug #100 status change: NEW → IN_PROGRESS by 'testdev'
2026-08-13T09:11:31.025+05:30  WARN 1776 --- [Bug Tracking System] [main] com.bugtracker.service.BugService        : Bug #999 being deleted by 'testdev'
2026-08-13T09:11:31.041+05:30  INFO 1776 --- [Bug Tracking System] [main] com.bugtracker.service.BugService        : Bug #100 status change: NEW → RESOLVED by 'testdev'
2026-08-13T09:11:31.056+05:30  INFO 1776 --- [Bug Tracking System] [main] com.bugtracker.service.BugService        : Bug #101 created successfully
2026-08-13T09:11:31.062+05:30  WARN 1776 --- [Bug Tracking System] [main] com.bugtracker.service.BugService        : Bug #100 being deleted by 'testdev'
2026-08-13T09:11:31.083+05:30  INFO 1776 --- [Bug Tracking System] [main] com.bugtracker.service.BugService        : Bug #100 status change: NEW → RESOLVED by 'testdev'
2026-08-13T09:15:27.543+05:30  INFO 21288 --- [Bug Tracking System] [main] c.bugtracker.BugtrackerApplicationTests  : Starting BugtrackerApplicationTests using Java 21.0.12 with PID 21288 (started by lovely in D:\Users\Downloads\bugtracker\bugtracker)
2026-08-13T09:15:27.547+05:30  INFO 21288 --- [Bug Tracking System] [main] c.bugtracker.BugtrackerApplicationTests  : The following 1 profile is active: "test"
2026-08-13T09:15:32.880+05:30  WARN 21288 --- [Bug Tracking System] [main] org.hibernate.orm.deprecation            : HHH90000025: H2Dialect does not need to be specified explicitly using 'hibernate.dialect' (remove the property setting and it will be selected by default)
2026-08-13T09:15:36.537+05:30  WARN 21288 --- [Bug Tracking System] [main] JpaBaseConfiguration$JpaWebConfiguration : spring.jpa.open-in-view is enabled by default. Therefore, database queries may be performed during view rendering. Explicitly configure spring.jpa.open-in-view to disable this warning
2026-08-13T09:15:36.643+05:30  WARN 21288 --- [Bug Tracking System] [main] r$InitializeUserDetailsManagerConfigurer : Global AuthenticationManager configured with an AuthenticationProvider bean. UserDetailsService beans will not be used for username/password login. Consider removing the AuthenticationProvider bean. Alternatively, consider using the UserDetailsService in a manually instantiated DaoAuthenticationProvider.
2026-08-13T09:15:38.170+05:30  INFO 21288 --- [Bug Tracking System] [main] c.bugtracker.BugtrackerApplicationTests  : Started BugtrackerApplicationTests in 11.163 seconds (process running for 13.467)
2026-08-13T09:15:38.468+05:30  INFO 21288 --- [Bug Tracking System] [main] c.b.controller.AuthControllerTest        : Starting AuthControllerTest using Java 21.0.12 with PID 21288 (started by lovely in D:\Users\Downloads\bugtracker\bugtracker)
2026-08-13T09:15:38.469+05:30  INFO 21288 --- [Bug Tracking System] [main] c.b.controller.AuthControllerTest        : The following 1 profile is active: "test"
2026-08-13T09:15:39.142+05:30  WARN 21288 --- [Bug Tracking System] [main] .s.s.UserDetailsServiceAutoConfiguration : 

Using generated security password: 24dc9c90-16ef-46ec-97fc-d3296d910bb3

This generated password is for development use only. Your security configuration must be updated before running your application in production.

2026-08-13T09:15:39.148+05:30  WARN 21288 --- [Bug Tracking System] [main] r$InitializeUserDetailsManagerConfigurer : Found 2 UserDetailsService beans, with names [inMemoryUserDetailsManager, com.bugtracker.service.UserService#0]. Global Authentication Manager will not use a UserDetailsService for username/password login. Consider publishing a single UserDetailsService bean.
2026-08-13T09:15:39.248+05:30  INFO 21288 --- [Bug Tracking System] [main] c.b.controller.AuthControllerTest        : Started AuthControllerTest in 0.883 seconds (process running for 14.546)
2026-08-13T09:15:40.276+05:30  INFO 21288 --- [Bug Tracking System] [main] c.b.controller.BugControllerTest         : Starting BugControllerTest using Java 21.0.12 with PID 21288 (started by lovely in D:\Users\Downloads\bugtracker\bugtracker)
2026-08-13T09:15:40.276+05:30  INFO 21288 --- [Bug Tracking System] [main] c.b.controller.BugControllerTest         : The following 1 profile is active: "test"
2026-08-13T09:15:41.110+05:30  WARN 21288 --- [Bug Tracking System] [main] .s.s.UserDetailsServiceAutoConfiguration : 

Using generated security password: 1be6ec9b-193d-4332-937f-053269ade263

This generated password is for development use only. Your security configuration must be updated before running your application in production.

2026-08-13T09:15:41.111+05:30  WARN 21288 --- [Bug Tracking System] [main] r$InitializeUserDetailsManagerConfigurer : Found 2 UserDetailsService beans, with names [inMemoryUserDetailsManager, com.bugtracker.service.UserService#0]. Global Authentication Manager will not use a UserDetailsService for username/password login. Consider publishing a single UserDetailsService bean.
2026-08-13T09:15:41.149+05:30  INFO 21288 --- [Bug Tracking System] [main] c.b.controller.BugControllerTest         : Started BugControllerTest in 0.914 seconds (process running for 16.447)
2026-08-13T09:15:41.921+05:30  INFO 21288 --- [Bug Tracking System] [main] c.b.repository.BugRepositoryTest         : Starting BugRepositoryTest using Java 21.0.12 with PID 21288 (started by lovely in D:\Users\Downloads\bugtracker\bugtracker)
2026-08-13T09:15:41.922+05:30  INFO 21288 --- [Bug Tracking System] [main] c.b.repository.BugRepositoryTest         : The following 1 profile is active: "test"
2026-08-13T09:15:42.321+05:30  WARN 21288 --- [Bug Tracking System] [main] org.hibernate.orm.deprecation            : HHH90000025: H2Dialect does not need to be specified explicitly using 'hibernate.dialect' (remove the property setting and it will be selected by default)
2026-08-13T09:15:43.116+05:30  INFO 21288 --- [Bug Tracking System] [main] c.b.repository.BugRepositoryTest         : Started BugRepositoryTest in 1.23 seconds (process running for 18.414)
2026-08-13T09:15:44.176+05:30  WARN 21288 --- [Bug Tracking System] [main] o.h.engine.jdbc.spi.SqlExceptionHelper   : SQL Error: 23505, SQLState: 23505
2026-08-13T09:15:44.176+05:30 ERROR 21288 --- [Bug Tracking System] [main] o.h.engine.jdbc.spi.SqlExceptionHelper   : Unique index or primary key violation: "PUBLIC.CONSTRAINT_INDEX_4D ON PUBLIC.USERS(USERNAME NULLS FIRST) VALUES ( /* 9 */ 'alice' )"; SQL statement:
insert into users (created_at,email,enabled,full_name,password,username,id) values (?,?,?,?,?,?,default) [23505-224]
2026-08-13T09:15:45.030+05:30  INFO 21288 --- [Bug Tracking System] [main] com.bugtracker.service.BugService        : Bug #100 assigned to user ID null by 'testdev'
2026-08-13T09:15:45.048+05:30  INFO 21288 --- [Bug Tracking System] [main] com.bugtracker.service.BugService        : Bug #100 assigned to user ID 2 by 'testdev'
2026-08-13T09:15:45.057+05:30  INFO 21288 --- [Bug Tracking System] [main] com.bugtracker.service.BugService        : Bug #100 status change: NEW → IN_PROGRESS by 'testdev'
2026-08-13T09:15:45.072+05:30  WARN 21288 --- [Bug Tracking System] [main] com.bugtracker.service.BugService        : Bug #999 being deleted by 'testdev'
2026-08-13T09:15:45.093+05:30  INFO 21288 --- [Bug Tracking System] [main] com.bugtracker.service.BugService        : Bug #100 status change: NEW → RESOLVED by 'testdev'
2026-08-13T09:15:45.107+05:30  INFO 21288 --- [Bug Tracking System] [main] com.bugtracker.service.BugService        : Bug #101 created successfully
2026-08-13T09:15:45.114+05:30  WARN 21288 --- [Bug Tracking System] [main] com.bugtracker.service.BugService        : Bug #100 being deleted by 'testdev'
2026-08-13T09:15:45.137+05:30  INFO 21288 --- [Bug Tracking System] [main] com.bugtracker.service.BugService        : Bug #100 status change: NEW → RESOLVED by 'testdev'
2026-08-13T09:17:16.324+05:30  INFO 16128 --- [Bug Tracking System] [main] c.bugtracker.BugtrackerApplicationTests  : Starting BugtrackerApplicationTests using Java 21.0.12 with PID 16128 (started by lovely in D:\Users\Downloads\bugtracker\bugtracker)
2026-08-13T09:17:16.326+05:30  INFO 16128 --- [Bug Tracking System] [main] c.bugtracker.BugtrackerApplicationTests  : The following 1 profile is active: "test"
2026-08-13T09:17:22.050+05:30  WARN 16128 --- [Bug Tracking System] [main] org.hibernate.orm.deprecation            : HHH90000025: H2Dialect does not need to be specified explicitly using 'hibernate.dialect' (remove the property setting and it will be selected by default)
2026-08-13T09:17:26.083+05:30  WARN 16128 --- [Bug Tracking System] [main] JpaBaseConfiguration$JpaWebConfiguration : spring.jpa.open-in-view is enabled by default. Therefore, database queries may be performed during view rendering. Explicitly configure spring.jpa.open-in-view to disable this warning
2026-08-13T09:17:26.190+05:30  WARN 16128 --- [Bug Tracking System] [main] r$InitializeUserDetailsManagerConfigurer : Global AuthenticationManager configured with an AuthenticationProvider bean. UserDetailsService beans will not be used for username/password login. Consider removing the AuthenticationProvider bean. Alternatively, consider using the UserDetailsService in a manually instantiated DaoAuthenticationProvider.
2026-08-13T09:17:27.687+05:30  INFO 16128 --- [Bug Tracking System] [main] c.bugtracker.BugtrackerApplicationTests  : Started BugtrackerApplicationTests in 11.9 seconds (process running for 13.554)
2026-08-13T09:17:28.105+05:30  INFO 16128 --- [Bug Tracking System] [main] c.b.controller.AuthControllerTest        : Starting AuthControllerTest using Java 21.0.12 with PID 16128 (started by lovely in D:\Users\Downloads\bugtracker\bugtracker)
2026-08-13T09:17:28.120+05:30  INFO 16128 --- [Bug Tracking System] [main] c.b.controller.AuthControllerTest        : The following 1 profile is active: "test"
2026-08-13T09:17:29.045+05:30  WARN 16128 --- [Bug Tracking System] [main] .s.s.UserDetailsServiceAutoConfiguration : 

Using generated security password: 48bbbb70-0083-4ea0-a0cb-8e6e8731c9f2

This generated password is for development use only. Your security configuration must be updated before running your application in production.

2026-08-13T09:17:29.052+05:30  WARN 16128 --- [Bug Tracking System] [main] r$InitializeUserDetailsManagerConfigurer : Found 2 UserDetailsService beans, with names [inMemoryUserDetailsManager, com.bugtracker.service.UserService#0]. Global Authentication Manager will not use a UserDetailsService for username/password login. Consider publishing a single UserDetailsService bean.
2026-08-13T09:17:29.222+05:30  INFO 16128 --- [Bug Tracking System] [main] c.b.controller.AuthControllerTest        : Started AuthControllerTest in 1.224 seconds (process running for 15.088)
2026-08-13T09:17:30.706+05:30  INFO 16128 --- [Bug Tracking System] [main] c.b.controller.BugControllerTest         : Starting BugControllerTest using Java 21.0.12 with PID 16128 (started by lovely in D:\Users\Downloads\bugtracker\bugtracker)
2026-08-13T09:17:30.707+05:30  INFO 16128 --- [Bug Tracking System] [main] c.b.controller.BugControllerTest         : The following 1 profile is active: "test"
2026-08-13T09:17:31.468+05:30  WARN 16128 --- [Bug Tracking System] [main] .s.s.UserDetailsServiceAutoConfiguration : 

Using generated security password: c759ea6d-ea73-494a-910d-894e8d98a66d

This generated password is for development use only. Your security configuration must be updated before running your application in production.

2026-08-13T09:17:31.468+05:30  WARN 16128 --- [Bug Tracking System] [main] r$InitializeUserDetailsManagerConfigurer : Found 2 UserDetailsService beans, with names [inMemoryUserDetailsManager, com.bugtracker.service.UserService#0]. Global Authentication Manager will not use a UserDetailsService for username/password login. Consider publishing a single UserDetailsService bean.
2026-08-13T09:17:31.495+05:30  INFO 16128 --- [Bug Tracking System] [main] c.b.controller.BugControllerTest         : Started BugControllerTest in 0.828 seconds (process running for 17.362)
2026-08-13T09:17:32.477+05:30  INFO 16128 --- [Bug Tracking System] [main] c.b.repository.BugRepositoryTest         : Starting BugRepositoryTest using Java 21.0.12 with PID 16128 (started by lovely in D:\Users\Downloads\bugtracker\bugtracker)
2026-08-13T09:17:32.477+05:30  INFO 16128 --- [Bug Tracking System] [main] c.b.repository.BugRepositoryTest         : The following 1 profile is active: "test"
2026-08-13T09:17:32.904+05:30  WARN 16128 --- [Bug Tracking System] [main] org.hibernate.orm.deprecation            : HHH90000025: H2Dialect does not need to be specified explicitly using 'hibernate.dialect' (remove the property setting and it will be selected by default)
2026-08-13T09:17:33.466+05:30  INFO 16128 --- [Bug Tracking System] [main] c.b.repository.BugRepositoryTest         : Started BugRepositoryTest in 1.032 seconds (process running for 19.333)
2026-08-13T09:17:34.296+05:30  WARN 16128 --- [Bug Tracking System] [main] o.h.engine.jdbc.spi.SqlExceptionHelper   : SQL Error: 23505, SQLState: 23505
2026-08-13T09:17:34.296+05:30 ERROR 16128 --- [Bug Tracking System] [main] o.h.engine.jdbc.spi.SqlExceptionHelper   : Unique index or primary key violation: "PUBLIC.CONSTRAINT_INDEX_4D ON PUBLIC.USERS(USERNAME NULLS FIRST) VALUES ( /* 9 */ 'alice' )"; SQL statement:
insert into users (created_at,email,enabled,full_name,password,username,id) values (?,?,?,?,?,?,default) [23505-224]
2026-08-13T09:17:35.086+05:30  INFO 16128 --- [Bug Tracking System] [main] com.bugtracker.service.BugService        : Bug #100 assigned to user ID null by 'testdev'
2026-08-13T09:17:35.103+05:30  INFO 16128 --- [Bug Tracking System] [main] com.bugtracker.service.BugService        : Bug #100 assigned to user ID 2 by 'testdev'
2026-08-13T09:17:35.116+05:30  INFO 16128 --- [Bug Tracking System] [main] com.bugtracker.service.BugService        : Bug #100 status change: NEW → IN_PROGRESS by 'testdev'
2026-08-13T09:17:35.150+05:30  WARN 16128 --- [Bug Tracking System] [main] com.bugtracker.service.BugService        : Bug #999 being deleted by 'testdev'
2026-08-13T09:17:35.163+05:30  INFO 16128 --- [Bug Tracking System] [main] com.bugtracker.service.BugService        : Bug #100 status change: NEW → RESOLVED by 'testdev'
2026-08-13T09:17:35.174+05:30  INFO 16128 --- [Bug Tracking System] [main] com.bugtracker.service.BugService        : Bug #101 created successfully
2026-08-13T09:17:35.180+05:30  WARN 16128 --- [Bug Tracking System] [main] com.bugtracker.service.BugService        : Bug #100 being deleted by 'testdev'
2026-08-13T09:17:35.200+05:30  INFO 16128 --- [Bug Tracking System] [main] com.bugtracker.service.BugService        : Bug #100 status change: NEW → RESOLVED by 'testdev'
